[INFO] Scanning for projects...
[INFO] 
[INFO] -------------------< com.design3d:design3d-backend >--------------------
[INFO] Building design3d-backend 1.0.0-SNAPSHOT
[INFO]   from pom.xml
[INFO] --------------------------------[ jar ]---------------------------------
[INFO] 
[INFO] >>> spring-boot:3.2.5:run (default-cli) > test-compile @ design3d-backend >>>
[INFO] 
[INFO] --- resources:3.3.1:resources (default-resources) @ design3d-backend ---
[INFO] Copying 1 resource from src\main\resources to target\classes
[INFO] Copying 1 resource from src\main\resources to target\classes
[INFO] 
[INFO] --- compiler:3.11.0:compile (default-compile) @ design3d-backend ---
[INFO] Nothing to compile - all classes are up to date
[INFO] 
[INFO] --- resources:3.3.1:testResources (default-testResources) @ design3d-backend ---
[INFO] skip non existing resourceDirectory D:\A-方案图纸生成\backend\src\test\resources
[INFO] 
[INFO] --- compiler:3.11.0:testCompile (default-testCompile) @ design3d-backend ---
[INFO] Nothing to compile - all classes are up to date
[INFO] 
[INFO] <<< spring-boot:3.2.5:run (default-cli) < test-compile @ design3d-backend <<<
[INFO] 
[INFO] 
[INFO] --- spring-boot:3.2.5:run (default-cli) @ design3d-backend ---
[INFO] Attaching agents: []
========================================
 数据根目录: D:\A-方案图纸生成\backend\data
========================================

  .   ____          _            __ _ _
 /\\ / ___'_ __ _ _(_)_ __  __ _ \ \ \ \
( ( )\___ | '_ | '_| | '_ \/ _` | \ \ \ \
 \\/  ___)| |_)| | | | | || (_| |  ) ) ) )
  '  |____| .__|_| |_|_| |_\__, | / / / /
 =========|_|==============|___/=/_/_/_/
 :: Spring Boot ::                (v3.2.5)

2026-08-12T16:42:33.788+08:00  INFO 52560 --- [           main] com.design3d.Design3DApplication         : Starting Design3DApplication using Java 17.0.10 with PID 52560 (D:\A-方案图纸生成\backend\target\classes started by eightaddseven in D:\A-方案图纸生成\backend)
2026-08-12T16:42:33.790+08:00  INFO 52560 --- [           main] com.design3d.Design3DApplication         : The following 1 profile is active: "dev"
2026-08-12T16:42:34.186+08:00  INFO 52560 --- [           main] .s.d.r.c.RepositoryConfigurationDelegate : Bootstrapping Spring Data JPA repositories in DEFAULT mode.
2026-08-12T16:42:34.218+08:00  INFO 52560 --- [           main] .s.d.r.c.RepositoryConfigurationDelegate : Finished Spring Data repository scanning in 28 ms. Found 3 JPA repository interfaces.
2026-08-12T16:42:34.494+08:00  INFO 52560 --- [           main] o.s.b.w.embedded.tomcat.TomcatWebServer  : Tomcat initialized with port 18080 (http)
2026-08-12T16:42:34.502+08:00  INFO 52560 --- [           main] o.apache.catalina.core.StandardService   : Starting service [Tomcat]
2026-08-12T16:42:34.503+08:00  INFO 52560 --- [           main] o.apache.catalina.core.StandardEngine    : Starting Servlet engine: [Apache Tomcat/10.1.20]
2026-08-12T16:42:34.534+08:00  INFO 52560 --- [           main] o.a.c.c.C.[Tomcat].[localhost].[/]       : Initializing Spring embedded WebApplicationContext
2026-08-12T16:42:34.535+08:00  INFO 52560 --- [           main] w.s.c.ServletWebServerApplicationContext : Root WebApplicationContext: initialization completed in 722 ms
2026-08-12T16:42:34.554+08:00  INFO 52560 --- [           main] com.zaxxer.hikari.HikariDataSource       : HikariPool-1 - Starting...
2026-08-12T16:42:34.651+08:00  INFO 52560 --- [           main] com.zaxxer.hikari.pool.HikariPool        : HikariPool-1 - Added connection conn0: url=jdbc:h2:mem:swaggerverify user=SA
2026-08-12T16:42:34.652+08:00  INFO 52560 --- [           main] com.zaxxer.hikari.HikariDataSource       : HikariPool-1 - Start completed.
2026-08-12T16:42:34.657+08:00  INFO 52560 --- [           main] o.s.b.a.h2.H2ConsoleAutoConfiguration    : H2 console available at '/h2-console'. Database available at 'jdbc:h2:mem:swaggerverify'
2026-08-12T16:42:34.726+08:00  INFO 52560 --- [           main] o.f.c.internal.license.VersionPrinter    : Flyway Community Edition 9.22.3 by Redgate
2026-08-12T16:42:34.727+08:00  INFO 52560 --- [           main] o.f.c.internal.license.VersionPrinter    : See release notes here: https://rd.gt/416ObMi
2026-08-12T16:42:34.728+08:00  INFO 52560 --- [           main] o.f.c.internal.license.VersionPrinter    : 
2026-08-12T16:42:34.756+08:00  INFO 52560 --- [           main] org.flywaydb.core.FlywayExecutor         : Database: jdbc:h2:mem:swaggerverify (H2 2.2)
2026-08-12T16:42:34.761+08:00  WARN 52560 --- [           main] o.f.c.internal.database.base.Database    : Flyway upgrade recommended: H2 2.2.224 is newer than this version of Flyway and support has not been tested. The latest supported version of H2 is 2.2.220.
2026-08-12T16:42:34.773+08:00  INFO 52560 --- [           main] o.f.c.i.s.JdbcTableSchemaHistory         : Schema history table "PUBLIC"."flyway_schema_history" does not exist yet
2026-08-12T16:42:34.774+08:00  INFO 52560 --- [           main] o.f.core.internal.command.DbValidate     : Successfully validated 1 migration (execution time 00:00.007s)
2026-08-12T16:42:34.777+08:00  INFO 52560 --- [           main] o.f.c.i.s.JdbcTableSchemaHistory         : Creating Schema History table "PUBLIC"."flyway_schema_history" ...
2026-08-12T16:42:34.791+08:00  INFO 52560 --- [           main] o.f.core.internal.command.DbMigrate      : Current version of schema "PUBLIC": << Empty Schema >>
2026-08-12T16:42:34.797+08:00  INFO 52560 --- [           main] o.f.core.internal.command.DbMigrate      : Migrating schema "PUBLIC" to version "1 - init"
2026-08-12T16:42:34.809+08:00  INFO 52560 --- [           main] o.f.core.internal.command.DbMigrate      : Successfully applied 1 migration to schema "PUBLIC", now at version v1 (execution time 00:00.007s)
2026-08-12T16:42:34.846+08:00  INFO 52560 --- [           main] o.hibernate.jpa.internal.util.LogHelper  : HHH000204: Processing PersistenceUnitInfo [name: default]
2026-08-12T16:42:34.890+08:00  INFO 52560 --- [           main] org.hibernate.Version                    : HHH000412: Hibernate ORM core version 6.4.4.Final
2026-08-12T16:42:34.913+08:00  INFO 52560 --- [           main] o.h.c.internal.RegionFactoryInitiator    : HHH000026: Second-level cache disabled
2026-08-12T16:42:35.047+08:00  INFO 52560 --- [           main] o.s.o.j.p.SpringPersistenceUnitInfo      : No LoadTimeWeaver setup: ignoring JPA class transformer
2026-08-12T16:42:35.625+08:00  INFO 52560 --- [           main] o.h.e.t.j.p.i.JtaPlatformInitiator       : HHH000489: No JTA platform available (set 'hibernate.transaction.jta.platform' to enable JTA platform integration)
2026-08-12T16:42:35.637+08:00  INFO 52560 --- [           main] j.LocalContainerEntityManagerFactoryBean : Initialized JPA EntityManagerFactory for persistence unit 'default'
2026-08-12T16:42:35.640+08:00  INFO 52560 --- [           main] com.design3d.config.DataDirConfig        : 数据目录: D:\A-方案图纸生成\backend\data
2026-08-12T16:42:36.091+08:00  INFO 52560 --- [           main] o.s.b.w.embedded.tomcat.TomcatWebServer  : Tomcat started on port 18080 (http) with context path ''
2026-08-12T16:42:36.100+08:00  INFO 52560 --- [           main] com.design3d.Design3DApplication         : Started Design3DApplication in 2.506 seconds (process running for 2.689)
2026-08-12T16:42:36.328+08:00  INFO 52560 --- [io-18080-exec-1] o.a.c.c.C.[Tomcat].[localhost].[/]       : Initializing Spring DispatcherServlet 'dispatcherServlet'
2026-08-12T16:42:36.328+08:00  INFO 52560 --- [io-18080-exec-1] o.s.web.servlet.DispatcherServlet        : Initializing Servlet 'dispatcherServlet'
2026-08-12T16:42:36.329+08:00  INFO 52560 --- [io-18080-exec-1] o.s.web.servlet.DispatcherServlet        : Completed initialization in 0 ms
2026-08-12T16:42:36.582+08:00  INFO 52560 --- [io-18080-exec-1] o.springdoc.api.AbstractOpenApiResource  : Init duration for springdoc-openapi is: 231 ms
